[INFO] Scanning for projects...
[INFO] 
[INFO] -------------------------< com.example:server >-------------------------
[INFO] Building server 0.0.1-SNAPSHOT
[INFO]   from pom.xml
[INFO] --------------------------------[ jar ]---------------------------------
[INFO] 
[INFO] --- clean:3.5.0:clean (default-clean) @ server ---
[INFO] Deleting D:\LTDT_NangCao_App\server\target
[INFO] 
[INFO] --- resources:3.3.1:resources (default-resources) @ server ---
[INFO] Copying 1 resource from src\main\resources to target\classes
[INFO] Copying 19 resources from src\main\resources to target\classes
[INFO] 
[INFO] --- compiler:3.14.1:compile (default-compile) @ server ---
[INFO] Recompiling the module because of changed source code.
[INFO] Compiling 169 source files with javac [debug parameters release 17] to target\classes
[INFO] 
[INFO] --- resources:3.3.1:testResources (default-testResources) @ server ---
[INFO] skip non existing resourceDirectory D:\LTDT_NangCao_App\server\src\test\resources
[INFO] 
[INFO] --- compiler:3.14.1:testCompile (default-testCompile) @ server ---
[INFO] Recompiling the module because of changed dependency.
[INFO] Compiling 15 source files with javac [debug parameters release 17] to target\test-classes
[INFO] -------------------------------------------------------------
[ERROR] COMPILATION ERROR : 
[INFO] -------------------------------------------------------------
[ERROR] /D:/LTDT_NangCao_App/server/src/test/java/com/mapic/controller/PostControllerTest.java:[13,63] package org.springframework.boot.test.autoconfigure.web.servlet does not exist
[ERROR] /D:/LTDT_NangCao_App/server/src/test/java/com/mapic/controller/PostControllerTest.java:[14,50] package org.springframework.boot.test.mock.mockito does not exist
[ERROR] /D:/LTDT_NangCao_App/server/src/test/java/com/mapic/controller/PostControllerTest.java:[29,2] cannot find symbol
  symbol: class WebMvcTest
[ERROR] /D:/LTDT_NangCao_App/server/src/test/java/com/mapic/repository/PostRepositoryTest.java:[9,59] package org.springframework.boot.test.autoconfigure.orm.jpa does not exist
[ERROR] /D:/LTDT_NangCao_App/server/src/test/java/com/mapic/repository/PostRepositoryTest.java:[10,59] package org.springframework.boot.test.autoconfigure.orm.jpa does not exist
[ERROR] /D:/LTDT_NangCao_App/server/src/test/java/com/mapic/repository/PostRepositoryTest.java:[20,2] cannot find symbol
  symbol: class DataJpaTest
[ERROR] /D:/LTDT_NangCao_App/server/src/test/java/com/mapic/repository/PostRepositoryTest.java:[25,13] cannot find symbol
  symbol:   class TestEntityManager
  location: class com.mapic.repository.PostRepositoryTest
[ERROR] /D:/LTDT_NangCao_App/server/src/test/java/com/mapic/controller/PostControllerTest.java:[38,6] cannot find symbol
  symbol:   class MockBean
  location: class com.mapic.controller.PostControllerTest
[INFO] 8 errors 
[INFO] -------------------------------------------------------------
[INFO] ------------------------------------------------------------------------
[INFO] BUILD FAILURE
[INFO] ------------------------------------------------------------------------
[INFO] Total time:  12.568 s
[INFO] Finished at: 2026-03-10T05:10:03+07:00
[INFO] ------------------------------------------------------------------------
[ERROR] Failed to execute goal org.apache.maven.plugins:maven-compiler-plugin:3.14.1:testCompile (default-testCompile) on project server: Compilation failure: Compilation failure: 
[ERROR] /D:/LTDT_NangCao_App/server/src/test/java/com/mapic/controller/PostControllerTest.java:[13,63] package org.springframework.boot.test.autoconfigure.web.servlet does not exist
[ERROR] /D:/LTDT_NangCao_App/server/src/test/java/com/mapic/controller/PostControllerTest.java:[14,50] package org.springframework.boot.test.mock.mockito does not exist
[ERROR] /D:/LTDT_NangCao_App/server/src/test/java/com/mapic/controller/PostControllerTest.java:[29,2] cannot find symbol
[ERROR]   symbol: class WebMvcTest
[ERROR] /D:/LTDT_NangCao_App/server/src/test/java/com/mapic/repository/PostRepositoryTest.java:[9,59] package org.springframework.boot.test.autoconfigure.orm.jpa does not exist
[ERROR] /D:/LTDT_NangCao_App/server/src/test/java/com/mapic/repository/PostRepositoryTest.java:[10,59] package org.springframework.boot.test.autoconfigure.orm.jpa does not exist
[ERROR] /D:/LTDT_NangCao_App/server/src/test/java/com/mapic/repository/PostRepositoryTest.java:[20,2] cannot find symbol
[ERROR]   symbol: class DataJpaTest
[ERROR] /D:/LTDT_NangCao_App/server/src/test/java/com/mapic/repository/PostRepositoryTest.java:[25,13] cannot find symbol
[ERROR]   symbol:   class TestEntityManager
[ERROR]   location: class com.mapic.repository.PostRepositoryTest
[ERROR] /D:/LTDT_NangCao_App/server/src/test/java/com/mapic/controller/PostControllerTest.java:[38,6] cannot find symbol
[ERROR]   symbol:   class MockBean
[ERROR]   location: class com.mapic.controller.PostControllerTest
[ERROR] -> [Help 1]
[ERROR] 
[ERROR] To see the full stack trace of the errors, re-run Maven with the -e switch.
[ERROR] Re-run Maven using the -X switch to enable full debug logging.
[ERROR] 
[ERROR] For more information about the errors and possible solutions, please read the following articles:
[ERROR] [Help 1] http://cwiki.apache.org/confluence/display/MAVEN/MojoFailureException
